compiling structArray.frag...
File "structArray.frag" does not exist.
