compiling structDeref.frag...
File "structDeref.frag" does not exist.
