
Top IR:
; ModuleID = 'Glslang'

%bn = type { [4 x [4 x <4 x float>]], [4 x [4 x <4 x float>]], [4 x <4 x float>], [4 x <4 x float>], [4 x <4 x float>] }

@o = global <4 x float> zeroinitializer
@gl_ClipDistance = global [5 x float] zeroinitializer
@k = global <4 x float> zeroinitializer
@sampR = external addrspace(1) constant i32
@sampB = external addrspace(1) constant i32
@i1 = internal global float 0.000000e+00
@gl_FrontFacing = global i1 false
@i2 = internal global float 0.000000e+00
@samp2Da = external addrspace(1) constant [3 x i32]
@"anon@0" = external addrspace(2) constant %bn

define fastcc void @main() {
entry:
  %i1 = alloca float
  %o5 = alloca float
  %o1 = alloca i32
  %0 = load i1* @gl_FrontFacing
  br i1 %0, label %then, label %else

mainBody:                                         ; preds = %ifmerge
  %1 = load float* getelementptr inbounds ([5 x float]* @gl_ClipDistance, i32 0, i32 2)
  %2 = load <4 x float>* @o
  %o = insertelement <4 x float> %2, float %1, i32 1
  store <4 x float> %o, <4 x float>* @o
  %3 = load <4 x float>* @k
  %4 = fptosi <4 x float> %3 to <4 x i32>
  %5 = load i32* %o1
  %6 = extractelement <4 x i32> %4, i32 0
  %7 = getelementptr [5 x float]* @gl_ClipDistance, i32 0, i32 %6
  %8 = load float* %7
  %9 = load <4 x float>* @o
  %o2 = insertelement <4 x float> %9, float %8, i32 2
  store <4 x float> %o2, <4 x float>* @o
  %10 = load i32 addrspace(1)* @sampR, !gla.uniform !9
  %o3 = call <2 x i32> @llvm.gla.queryTextureSizeNoLod.v2i32(i32 5, i32 %10)
  %11 = load i32 addrspace(1)* @sampB, !gla.uniform !12
  %o4 = call i32 @llvm.gla.queryTextureSizeNoLod.i32(i32 0, i32 %11)
  %12 = insertelement <2 x i32> undef, i32 %o4, i32 0
  %13 = insertelement <2 x i32> %12, i32 %o4, i32 1
  %14 = add <2 x i32> %o3, %13
  %15 = sitofp <2 x i32> %14 to <2 x float>
  %16 = load float* %o5
  %17 = extractelement <2 x float> %15, i32 0
  %18 = fdiv float %17, 1.000000e+02
  %19 = load <4 x float>* @o
  %o6 = insertelement <4 x float> %19, float %18, i32 3
  store <4 x float> %o6, <4 x float>* @o
  %20 = call float @"foo("()
  %21 = load <4 x float>* @o
  %o7 = insertelement <4 x float> %21, float %20, i32 2
  store <4 x float> %o7, <4 x float>* @o
  br label %stage-epilogue

then:                                             ; preds = %entry
  store float -2.000000e+00, float* %i1
  br label %ifmerge

else:                                             ; preds = %entry
  store float 2.000000e+00, float* %i1
  br label %ifmerge

ifmerge:                                          ; preds = %else, %then
  %i18 = load float* %i1
  store float %i18, float* @i1
  store float 1.020000e+02, float* @i2
  br label %mainBody

stage-epilogue:                                   ; preds = %mainBody
  br label %stage-exit

stage-exit:                                       ; preds = %stage-epilogue
  ret void
}

; Function Attrs: alwaysinline
define internal fastcc float @"foo("() #0 {
entry:
  %0 = load float* @i1
  %1 = load float* @i2
  %2 = fadd float %0, %1
  ret float %2

post-return:                                      ; No predecessors!
  unreachable
}

; Function Attrs: nounwind readnone
declare <2 x i32> @llvm.gla.queryTextureSizeNoLod.v2i32(i32, i32) #1

; Function Attrs: nounwind readnone
declare i32 @llvm.gla.queryTextureSizeNoLod.i32(i32, i32) #1

attributes #0 = { alwaysinline }
attributes #1 = { nounwind readnone }

!gla.entrypoint = !{!0}
!gla.outputs = !{!1}
!gla.inputs = !{!3, !5, !7}
!gla.uniforms = !{!9, !12, !15, !18}
!gla.noStaticUse = !{!15, !18}

!0 = metadata !{metadata !"main", i32 15}
!1 = metadata !{metadata !"o", i32 7, <4 x float>* @o_typeProxy, metadata !2}
!2 = metadata !{i32 0, i32 0, i32 1024, null, i32 0}
!3 = metadata !{metadata !"gl_ClipDistance", i32 1, [5 x float]* @gl_ClipDistance_typeProxy, metadata !4}
!4 = metadata !{i32 0, i32 0, i32 1025, null, i32 1, i32 12}
!5 = metadata !{metadata !"k", i32 1, <4 x float>* @k_typeProxy, metadata !6}
!6 = metadata !{i32 0, i32 0, i32 1030, null, i32 1}
!7 = metadata !{metadata !"gl_FrontFacing", i32 4, i1* @gl_FrontFacing_typeProxy, metadata !8}
!8 = metadata !{i32 0, i32 0, i32 1031, null, i32 0, i32 40}
!9 = metadata !{metadata !"sampR", i32 12, i32* @sampR_typeProxy, metadata !10}
!10 = metadata !{i32 5, i32 0, i32 1024, metadata !11}
!11 = metadata !{i32 0, i32* @sampR_typeProxy, i32 4, i1 false, i1 false, i32 0}
!12 = metadata !{metadata !"sampB", i32 12, i32* @sampB_typeProxy, metadata !13}
!13 = metadata !{i32 5, i32 0, i32 1024, metadata !14}
!14 = metadata !{i32 0, i32* @sampB_typeProxy, i32 5, i1 false, i1 false, i32 1}
!15 = metadata !{metadata !"samp2Da", i32 12, [3 x i32]* @samp2Da_typeProxy, metadata !16}
!16 = metadata !{i32 5, i32 0, i32 1024, metadata !17}
!17 = metadata !{i32 0, [3 x i32]* @samp2Da_typeProxy, i32 1, i1 false, i1 false, i32 0}
!18 = metadata !{metadata !"", i32 13, %bn* @"anon@0_typeProxy", metadata !19, metadata !20}
!19 = metadata !{i32 7, i32 0, i32 1024, null}
!20 = metadata !{metadata !"bn", metadata !19, metadata !"matra", metadata !21, metadata !"matca", metadata !23, metadata !"matr", metadata !21, metadata !"matc", metadata !23, metadata !"matrdef", metadata !21}
!21 = metadata !{metadata !"", metadata !22}
!22 = metadata !{i32 2, i32 0, i32 1024, null}
!23 = metadata !{metadata !"", metadata !24}
!24 = metadata !{i32 3, i32 0, i32 1024, null}


Bottom IR:
; ModuleID = 'Glslang'

@o = global <4 x float> zeroinitializer
@gl_ClipDistance = global [5 x float] zeroinitializer
@k = global <4 x float> zeroinitializer
@sampR = external addrspace(1) constant i32
@sampB = external addrspace(1) constant i32
@gl_FrontFacing = global i1 false

define fastcc void @main() {
entry:
  %0 = load i1* @gl_FrontFacing, align 1
  %. = select i1 %0, float -2.000000e+00, float 2.000000e+00
  %gla_constGEP = getelementptr [5 x float]* @gl_ClipDistance, i32 0, i32 2
  %1 = load float* %gla_constGEP, align 8
  %2 = load <4 x float>* @o, align 16
  %3 = call <4 x float> @llvm.gla.fMultiInsert.v4f32.v4f32.f32.f32.f32.f32(<4 x float> %2, i32 2, float undef, i32 undef, float %1, i32 0, float undef, i32 undef, float undef, i32 undef)
  store <4 x float> %3, <4 x float>* @o, align 16
  %4 = load <4 x float>* @k, align 16
  %5 = extractelement <4 x float> %4, i32 0
  %6 = fptosi float %5 to i32
  %7 = getelementptr [5 x float]* @gl_ClipDistance, i32 0, i32 %6
  %8 = load float* %7, align 4
  %9 = call <4 x float> @llvm.gla.fMultiInsert.v4f32.v4f32.f32.f32.f32.f32(<4 x float> %2, i32 6, float undef, i32 undef, float %1, i32 0, float %8, i32 0, float undef, i32 undef)
  store <4 x float> %9, <4 x float>* @o, align 16
  %10 = load i32 addrspace(1)* @sampR, align 4, !gla.uniform !9
  %o3 = call <2 x i32> @llvm.gla.queryTextureSizeNoLod.v2i32(i32 5, i32 %10)
  %11 = load i32 addrspace(1)* @sampB, align 4, !gla.uniform !12
  %o4 = call i32 @llvm.gla.queryTextureSizeNoLod.i32(i32 0, i32 %11)
  %.lhs = extractelement <2 x i32> %o3, i32 0
  %12 = add i32 %o4, %.lhs
  %13 = sitofp i32 %12 to float
  %14 = fdiv float %13, 1.000000e+02
  %15 = fadd float %., 1.020000e+02
  %16 = call <4 x float> @llvm.gla.fMultiInsert.v4f32.v4f32.f32.f32.f32.f32(<4 x float> %2, i32 14, float undef, i32 undef, float %1, i32 0, float %15, i32 0, float %14, i32 0)
  store <4 x float> %16, <4 x float>* @o, align 16
  br label %stage-epilogue

stage-epilogue:                                   ; preds = %entry
  br label %stage-exit

stage-exit:                                       ; preds = %stage-epilogue
  ret void
}

; Function Attrs: nounwind readnone
declare <2 x i32> @llvm.gla.queryTextureSizeNoLod.v2i32(i32, i32) #0

; Function Attrs: nounwind readnone
declare i32 @llvm.gla.queryTextureSizeNoLod.i32(i32, i32) #0

; Function Attrs: nounwind readnone
declare <4 x float> @llvm.gla.fMultiInsert.v4f32.v4f32.f32.f32.f32.f32(<4 x float>, i32, float, i32, float, i32, float, i32, float, i32) #0

attributes #0 = { nounwind readnone }

!gla.entrypoint = !{!0}
!gla.outputs = !{!1}
!gla.inputs = !{!3, !5, !7}
!gla.uniforms = !{!9, !12, !15, !18}
!gla.noStaticUse = !{!15, !18}

!0 = metadata !{metadata !"main", i32 15}
!1 = metadata !{metadata !"o", i32 7, <4 x float>* @o_typeProxy, metadata !2}
!2 = metadata !{i32 0, i32 0, i32 1024, null, i32 0}
!3 = metadata !{metadata !"gl_ClipDistance", i32 1, [5 x float]* @gl_ClipDistance_typeProxy, metadata !4}
!4 = metadata !{i32 0, i32 0, i32 1025, null, i32 1, i32 12}
!5 = metadata !{metadata !"k", i32 1, <4 x float>* @k_typeProxy, metadata !6}
!6 = metadata !{i32 0, i32 0, i32 1030, null, i32 1}
!7 = metadata !{metadata !"gl_FrontFacing", i32 4, i1* @gl_FrontFacing_typeProxy, metadata !8}
!8 = metadata !{i32 0, i32 0, i32 1031, null, i32 0, i32 40}
!9 = metadata !{metadata !"sampR", i32 12, i32* @sampR_typeProxy, metadata !10}
!10 = metadata !{i32 5, i32 0, i32 1024, metadata !11}
!11 = metadata !{i32 0, i32* @sampR_typeProxy, i32 4, i1 false, i1 false, i32 0}
!12 = metadata !{metadata !"sampB", i32 12, i32* @sampB_typeProxy, metadata !13}
!13 = metadata !{i32 5, i32 0, i32 1024, metadata !14}
!14 = metadata !{i32 0, i32* @sampB_typeProxy, i32 5, i1 false, i1 false, i32 1}
!15 = metadata !{metadata !"samp2Da", i32 12, [3 x i32]* @samp2Da_typeProxy, metadata !16}
!16 = metadata !{i32 5, i32 0, i32 1024, metadata !17}
!17 = metadata !{i32 0, [3 x i32]* @samp2Da_typeProxy, i32 1, i1 false, i1 false, i32 0}
!18 = metadata !{metadata !"", i32 13, %bn* @"anon@0_typeProxy", metadata !19, metadata !20}
!19 = metadata !{i32 7, i32 0, i32 1024, null}
!20 = metadata !{metadata !"bn", metadata !19, metadata !"matra", metadata !21, metadata !"matca", metadata !23, metadata !"matr", metadata !21, metadata !"matc", metadata !23, metadata !"matrdef", metadata !21}
!21 = metadata !{metadata !"", metadata !22}
!22 = metadata !{i32 2, i32 0, i32 1024, null}
!23 = metadata !{metadata !"", metadata !24}
!24 = metadata !{i32 3, i32 0, i32 1024, null}
#version 140
// LunarGOO output
uniform sampler2DRect sampR;
uniform isamplerBuffer sampB;
uniform sampler2D samp2Da[3];
layout(std140) uniform bn {
	layout(row_major) mat4 matra[4];
	mat4 matca[4];
	layout(row_major) mat4 matr;
	mat4 matc;
	layout(row_major) mat4 matrdef;
} ;
in float gl_ClipDistance[5];
in vec4 k;
out vec4 o;
const float C_a2d0 = -2.0;
const float C_2d0 = 2.0;
const float C_100d0 = 100.0;
const float C_102d0 = 102.0;

void main()
{
	float H_0rv9j51 = gl_FrontFacing ? C_a2d0 : C_2d0;
	vec4 H_ad4uxs1 = o;
	H_ad4uxs1.y = gl_ClipDistance[2];
	o = H_ad4uxs1;
	int H_gxl6b71 = int(k.x);
	vec4 H_ad4uxs1r = o;
	H_ad4uxs1r.yz = vec2(gl_ClipDistance[2], gl_ClipDistance[H_gxl6b71]);
	o = H_ad4uxs1r;
	ivec2 Lg_1 = textureSize(sampR);
	int Lg_2 = textureSize(sampB);
	int H_lye7b3 = Lg_1.x + Lg_2;
	float H_hwukdi1 = float(H_lye7b3);
	float H_p0f6yv = H_hwukdi1 / C_100d0;
	float H_znieme = H_0rv9j51 + C_102d0;
	vec4 H_ad4uxs1rr = o;
	H_ad4uxs1rr.yzw = vec3(gl_ClipDistance[2], H_znieme, H_p0f6yv);
	o = H_ad4uxs1rr;
	
}

#version 140
// LunarGOO output
uniform sampler2DRect sampR;
uniform isamplerBuffer sampB;
uniform sampler2D samp2Da[3];
layout(std140) uniform bn {
	layout(row_major) mat4 matra[4];
	mat4 matca[4];
	layout(row_major) mat4 matr;
	mat4 matc;
	layout(row_major) mat4 matrdef;
} ;
in float gl_ClipDistance[5];
in vec4 k;
out vec4 o;
const float C_100d0 = 100.0;
const float C_104d0 = 104.0;

void main()
{
	float H_0rv9j = gl_FrontFacing ? C_100d0 : C_104d0;
	vec4 H_ad4uxs1 = o;
	H_ad4uxs1.y = gl_ClipDistance[2];
	o = H_ad4uxs1;
	int H_gxl6b = int(k.x);
	vec4 H_ad4uxs1r = o;
	H_ad4uxs1r.yz = vec2(gl_ClipDistance[2], gl_ClipDistance[H_gxl6b]);
	o = H_ad4uxs1r;
	ivec2 Lg_ = textureSize(sampR);
	int Lg_1 = textureSize(sampB);
	int H_lye7b = Lg_.x + Lg_1;
	float H_hwukdi = float(H_lye7b);
	float H_p0f6yv = H_hwukdi / C_100d0;
	vec4 H_ad4uxs1rr = o;
	H_ad4uxs1rr.yzw = vec3(gl_ClipDistance[2], H_0rv9j, H_p0f6yv);
	o = H_ad4uxs1rr;
	
}

