
Top IR:
; ModuleID = 'Glslang'

%gl_PerVertex = type { <4 x float>, float, [4 x float], <4 x float>, <4 x float>, <4 x float>, <4 x float>, <4 x float>, [1 x <4 x float>], float }
%s2 = type { i32, [4 x %s1] }
%s1 = type { i32, i32, [3 x <4 x float>] }

@"anon@0" = global %gl_PerVertex zeroinitializer
@iv4 = global <4 x float> zeroinitializer
@ps = external addrspace(2) constant float
@s2out = global %s2 zeroinitializer
@ui = external addrspace(2) constant i32
@gl_VertexID = global i32 0
@gl_InstanceID = global i32 0

define fastcc void @main() {
entry:
  %i = alloca i32
  br label %mainBody

mainBody:                                         ; preds = %entry
  %0 = load <4 x float>* @iv4
  store <4 x float> %0, <4 x float>* getelementptr inbounds (%gl_PerVertex* @"anon@0", i32 0, i32 0)
  %1 = load float addrspace(2)* @ps, !gla.uniform !17
  store float %1, float* getelementptr inbounds (%gl_PerVertex* @"anon@0", i32 0, i32 1)
  %2 = load <4 x float>* @iv4
  %3 = extractelement <4 x float> %2, i32 0
  store float %3, float* getelementptr inbounds (%gl_PerVertex* @"anon@0", i32 0, i32 2, i32 2)
  %4 = load i32* %i
  %5 = load float addrspace(2)* @ps, !gla.uniform !17
  %6 = getelementptr %s2* @s2out, i32 0, i32 1, i32 %4, i32 2, i32 2
  %7 = load <4 x float>* %6
  %8 = insertelement <4 x float> %7, float %5, i32 3
  store <4 x float> %8, <4 x float>* %6
  br label %stage-epilogue

stage-epilogue:                                   ; preds = %mainBody
  br label %stage-exit

stage-exit:                                       ; preds = %stage-epilogue
  ret void
}

!gla.entrypoint = !{!0}
!gla.outputs = !{!1, !6}
!gla.inputs = !{!11, !13, !15}
!gla.uniforms = !{!17, !18}
!gla.noStaticUse = !{!18, !13, !15}

!0 = metadata !{metadata !"main", i32 15}
!1 = metadata !{metadata !"", i32 16, %gl_PerVertex* @"anon@0_typeProxy", metadata !2, metadata !3}
!2 = metadata !{i32 0, i32 0, i32 1024, null, i32 0}
!3 = metadata !{metadata !"gl_PerVertex", metadata !4, metadata !"gl_Position", metadata !5, metadata !"gl_PointSize", metadata !5, metadata !"gl_ClipDistance", metadata !5, metadata !"gl_ClipVertex", metadata !5, metadata !"gl_FrontColor", metadata !5, metadata !"gl_BackColor", metadata !5, metadata !"gl_FrontSecondaryColor", metadata !5, metadata !"gl_BackSecondaryColor", metadata !5, metadata !"gl_TexCoord", metadata !5, metadata !"gl_FogFragCoord", metadata !5}
!4 = metadata !{i32 0, i32 0, i32 1024, null}
!5 = metadata !{metadata !"", metadata !4}
!6 = metadata !{metadata !"s2out", i32 7, %s2* @s2out_typeProxy, metadata !7, metadata !8}
!7 = metadata !{i32 4, i32 0, i32 1038, null, i32 1}
!8 = metadata !{metadata !"s2", metadata !9, metadata !"c", metadata !5, metadata !"d", metadata !10}
!9 = metadata !{i32 4, i32 0, i32 1024, null}
!10 = metadata !{metadata !"s1", metadata !9, metadata !"a", metadata !5, metadata !"a2", metadata !5, metadata !"b", metadata !5}
!11 = metadata !{metadata !"iv4", i32 1, <4 x float>* @iv4_typeProxy, metadata !12}
!12 = metadata !{i32 0, i32 0, i32 1037, null, i32 0}
!13 = metadata !{metadata !"gl_VertexID", i32 2, i32* @gl_VertexID_typeProxy, metadata !14}
!14 = metadata !{i32 0, i32 0, i32 1059, null, i32 0}
!15 = metadata !{metadata !"gl_InstanceID", i32 3, i32* @gl_InstanceID_typeProxy, metadata !16}
!16 = metadata !{i32 0, i32 0, i32 1060, null, i32 0}
!17 = metadata !{metadata !"ps", i32 12, float* @ps_typeProxy, metadata !4}
!18 = metadata !{metadata !"ui", i32 12, i32* @ui_typeProxy, metadata !4}


Bottom IR:
; ModuleID = 'Glslang'

%gl_PerVertex = type { <4 x float>, float, [4 x float], <4 x float>, <4 x float>, <4 x float>, <4 x float>, <4 x float>, [1 x <4 x float>], float }
%s2 = type { i32, [4 x %s1] }
%s1 = type { i32, i32, [3 x <4 x float>] }

@"anon@0" = global %gl_PerVertex zeroinitializer
@iv4 = global <4 x float> zeroinitializer
@ps = external addrspace(2) constant float
@s2out = global %s2 zeroinitializer
@gl_VertexID = global i32 0
@gl_InstanceID = global i32 0

define fastcc void @main() {
entry:
  %0 = load <4 x float>* @iv4, align 16
  %gla_constGEP = getelementptr %gl_PerVertex* @"anon@0", i32 0, i32 0
  store <4 x float> %0, <4 x float>* %gla_constGEP, align 16
  %1 = load float addrspace(2)* @ps, align 4, !gla.uniform !17
  %gla_constGEP1 = getelementptr %gl_PerVertex* @"anon@0", i32 0, i32 1
  store float %1, float* %gla_constGEP1, align 16
  %2 = extractelement <4 x float> %0, i32 0
  %gla_constGEP2 = getelementptr %gl_PerVertex* @"anon@0", i32 0, i32 2, i32 2
  store float %2, float* %gla_constGEP2, align 4
  %3 = load <4 x float>* getelementptr (%s2* @s2out, i32 0, i32 1, i32 undef, i32 2, i32 2), align 16
  %4 = call <4 x float> @llvm.gla.fMultiInsert.v4f32.v4f32.f32.f32.f32.f32(<4 x float> %3, i32 8, float undef, i32 undef, float undef, i32 undef, float undef, i32 undef, float %1, i32 0)
  store <4 x float> %4, <4 x float>* getelementptr (%s2* @s2out, i32 0, i32 1, i32 undef, i32 2, i32 2), align 16
  br label %stage-epilogue

stage-epilogue:                                   ; preds = %entry
  br label %stage-exit

stage-exit:                                       ; preds = %stage-epilogue
  ret void
}

; Function Attrs: nounwind readnone
declare <4 x float> @llvm.gla.fMultiInsert.v4f32.v4f32.f32.f32.f32.f32(<4 x float>, i32, float, i32, float, i32, float, i32, float, i32) #0

attributes #0 = { nounwind readnone }

!gla.entrypoint = !{!0}
!gla.outputs = !{!1, !6}
!gla.inputs = !{!11, !13, !15}
!gla.uniforms = !{!17, !18}
!gla.noStaticUse = !{!18, !13, !15}

!0 = metadata !{metadata !"main", i32 15}
!1 = metadata !{metadata !"", i32 16, %gl_PerVertex* @"anon@0_typeProxy", metadata !2, metadata !3}
!2 = metadata !{i32 0, i32 0, i32 1024, null, i32 0}
!3 = metadata !{metadata !"gl_PerVertex", metadata !4, metadata !"gl_Position", metadata !5, metadata !"gl_PointSize", metadata !5, metadata !"gl_ClipDistance", metadata !5, metadata !"gl_ClipVertex", metadata !5, metadata !"gl_FrontColor", metadata !5, metadata !"gl_BackColor", metadata !5, metadata !"gl_FrontSecondaryColor", metadata !5, metadata !"gl_BackSecondaryColor", metadata !5, metadata !"gl_TexCoord", metadata !5, metadata !"gl_FogFragCoord", metadata !5}
!4 = metadata !{i32 0, i32 0, i32 1024, null}
!5 = metadata !{metadata !"", metadata !4}
!6 = metadata !{metadata !"s2out", i32 7, %s2* @s2out_typeProxy, metadata !7, metadata !8}
!7 = metadata !{i32 4, i32 0, i32 1038, null, i32 1}
!8 = metadata !{metadata !"s2", metadata !9, metadata !"c", metadata !5, metadata !"d", metadata !10}
!9 = metadata !{i32 4, i32 0, i32 1024, null}
!10 = metadata !{metadata !"s1", metadata !9, metadata !"a", metadata !5, metadata !"a2", metadata !5, metadata !"b", metadata !5}
!11 = metadata !{metadata !"iv4", i32 1, <4 x float>* @iv4_typeProxy, metadata !12}
!12 = metadata !{i32 0, i32 0, i32 1037, null, i32 0}
!13 = metadata !{metadata !"gl_VertexID", i32 2, i32* @gl_VertexID_typeProxy, metadata !14}
!14 = metadata !{i32 0, i32 0, i32 1059, null, i32 0}
!15 = metadata !{metadata !"gl_InstanceID", i32 3, i32* @gl_InstanceID_typeProxy, metadata !16}
!16 = metadata !{i32 0, i32 0, i32 1060, null, i32 0}
!17 = metadata !{metadata !"ps", i32 12, float* @ps_typeProxy, metadata !4}
!18 = metadata !{metadata !"ui", i32 12, i32* @ui_typeProxy, metadata !4}
#version 150 core
// LunarGOO output
struct s1 {
	int a;
	int a2;
	vec4 b[3];
};
struct s2 {
	int c;
	s1 d[4];
};
uniform float ps;
uniform int ui;
in vec4 iv4;
out s2 s2out;

void main()
{
	gl_Position = iv4;
	gl_PointSize = ps;
	gl_ClipDistance[2] = iv4.x;
	vec4 H_k0luaa = s2out.d[0].b[2];
	H_k0luaa.w = ps;
	s2out.d[0].b[2] = H_k0luaa;
	
}

#version 150 core
// LunarGOO output
struct s1 {
	int a;
	int a2;
	vec4 b[3];
};
struct s2 {
	int c;
	s1 d[4];
};
uniform float ps;
uniform int ui;
in vec4 iv4;
out s2 s2out;

void main()
{
	gl_Position = iv4;
	gl_PointSize = ps;
	gl_ClipDistance[2] = iv4.x;
	vec4 H_k0luaa = s2out.d[0].b[2];
	H_k0luaa.w = ps;
	s2out.d[0].b[2] = H_k0luaa;
	
}

